No tests match the provided pattern:
	match-test: `testLedgersInit`

Did you mean `testLedgerInit`?
